// Jest Snapshot v1, https://goo.gl/fbAQLP

exports[`validates import storage headless request valid payload passes validation 1`] = `
Object {
  "serviceConfiguration": Object {
    "bucketName": "import-this-bucket",
    "serviceName": "S3",
  },
  "version": 1,
}
`;
