// Jest Snapshot v1, https://goo.gl/fbAQLP

exports[`iam checks test that admin roles are added when functions have access to the graphql api 1`] = `
"## [Start] Authorization Steps. **
$util.qr($ctx.stash.put(\\"hasAuth\\", true))
#set( $inputFields = $util.parseJson($util.toJson($ctx.args.input.keySet())) )
#set( $isAuthorized = false )
#set( $allowedFields = [] )
#if( $util.authType() == \\"IAM Authorization\\" )
  #set( $adminRoles = [\\"helloWorldFunction\\",\\"echoMessageFunction\\"] )
  #foreach( $adminRole in $adminRoles )
    #if( $ctx.identity.userArn.contains($adminRole) && $ctx.identity.userArn != $ctx.stash.authRole && $ctx.identity.userArn != $ctx.stash.unauthRole )
      #return($util.toJson({}))
    #end
  #end
  #if( $ctx.identity.userArn == $ctx.stash.authRole )
    #set( $isAuthorized = true )
  #end
#end
#if( !$isAuthorized && $allowedFields.isEmpty() )
$util.unauthorized()
#end
#if( !$isAuthorized )
  #set( $deniedFields = $util.list.copyAndRemoveAll($inputFields, $allowedFields) )
  #if( $deniedFields.size() > 0 )
    $util.error(\\"Unauthorized on \${deniedFields}\\", \\"Unauthorized\\")
  #end
#end
$util.toJson({\\"version\\":\\"2018-05-29\\",\\"payload\\":{}})
## [End] Authorization Steps. **"
`;
