// Jest Snapshot v1, https://goo.gl/fbAQLP

exports[`validate update storage request returns valid payload 1`] = `
Object {
  "serviceModification": Object {
    "bucketName": "something",
    "lambdaTrigger": Object {
      "mode": "existing",
      "name": "triggerName",
    },
    "permissions": Object {
      "auth": Array [
        "READ",
        "CREATE_AND_UPDATE",
      ],
      "groups": Object {
        "myUserGroup1": Array [
          "CREATE_AND_UPDATE",
          "READ",
          "DELETE",
        ],
        "myUserGroup2": Array [
          "CREATE_AND_UPDATE",
          "READ",
        ],
        "myUserGroup3": Array [
          "CREATE_AND_UPDATE",
        ],
      },
      "guest": Array [
        "READ",
      ],
    },
    "resourceName": "something",
    "serviceName": "S3",
  },
  "version": 1,
}
`;
