// Jest Snapshot v1, https://goo.gl/fbAQLP

exports[`Connection on models with no codegen includes AttributeTypeEnum 1`] = `
"type Post {
  id: ID!
  title: String!
  comments(filter: ModelCommentFilterInput, sortDirection: ModelSortDirection, limit: Int, nextToken: String): ModelCommentConnection
  createdAt: AWSDateTime!
  updatedAt: AWSDateTime!
}

type Comment {
  id: ID!
  content: String
  createdAt: AWSDateTime!
  updatedAt: AWSDateTime!
}

type ModelCommentConnection {
  items: [Comment]!
  nextToken: String
}

enum ModelSortDirection {
  ASC
  DESC
}

input ModelStringInput {
  ne: String
  eq: String
  le: String
  lt: String
  ge: String
  gt: String
  contains: String
  notContains: String
  between: [String]
  beginsWith: String
  attributeExists: Boolean
  attributeType: ModelAttributeTypes
  size: ModelSizeInput
}

input ModelIDInput {
  ne: ID
  eq: ID
  le: ID
  lt: ID
  ge: ID
  gt: ID
  contains: ID
  notContains: ID
  between: [ID]
  beginsWith: ID
  attributeExists: Boolean
  attributeType: ModelAttributeTypes
  size: ModelSizeInput
}

input ModelIntInput {
  ne: Int
  eq: Int
  le: Int
  lt: Int
  ge: Int
  gt: Int
  between: [Int]
  attributeExists: Boolean
  attributeType: ModelAttributeTypes
}

input ModelFloatInput {
  ne: Float
  eq: Float
  le: Float
  lt: Float
  ge: Float
  gt: Float
  between: [Float]
  attributeExists: Boolean
  attributeType: ModelAttributeTypes
}

input ModelBooleanInput {
  ne: Boolean
  eq: Boolean
  attributeExists: Boolean
  attributeType: ModelAttributeTypes
}

input ModelSizeInput {
  ne: Int
  eq: Int
  le: Int
  lt: Int
  ge: Int
  gt: Int
  between: [Int]
}

input ModelCommentFilterInput {
  id: ModelIDInput
  content: ModelStringInput
  and: [ModelCommentFilterInput]
  or: [ModelCommentFilterInput]
  not: ModelCommentFilterInput
}

enum ModelAttributeTypes {
  binary
  binarySet
  bool
  list
  map
  number
  numberSet
  string
  stringSet
  _null
}
"
`;

exports[`Connection on models with no codegen includes custom enum filters 1`] = `
"type Cart {
  id: ID!
  cartItems(filter: ModelCartItemFilterInput, sortDirection: ModelSortDirection, limit: Int, nextToken: String): ModelCartItemConnection
  createdAt: AWSDateTime!
  updatedAt: AWSDateTime!
}

type CartItem {
  id: ID!
  productType: PRODUCT_TYPE!
  cart: Cart
  createdAt: AWSDateTime!
  updatedAt: AWSDateTime!
}

enum PRODUCT_TYPE {
  UNIT
  PACKAGE
}

type ModelCartItemConnection {
  items: [CartItem]!
  nextToken: String
}

enum ModelSortDirection {
  ASC
  DESC
}

input ModelStringInput {
  ne: String
  eq: String
  le: String
  lt: String
  ge: String
  gt: String
  contains: String
  notContains: String
  between: [String]
  beginsWith: String
  attributeExists: Boolean
  attributeType: ModelAttributeTypes
  size: ModelSizeInput
}

input ModelIDInput {
  ne: ID
  eq: ID
  le: ID
  lt: ID
  ge: ID
  gt: ID
  contains: ID
  notContains: ID
  between: [ID]
  beginsWith: ID
  attributeExists: Boolean
  attributeType: ModelAttributeTypes
  size: ModelSizeInput
}

input ModelIntInput {
  ne: Int
  eq: Int
  le: Int
  lt: Int
  ge: Int
  gt: Int
  between: [Int]
  attributeExists: Boolean
  attributeType: ModelAttributeTypes
}

input ModelFloatInput {
  ne: Float
  eq: Float
  le: Float
  lt: Float
  ge: Float
  gt: Float
  between: [Float]
  attributeExists: Boolean
  attributeType: ModelAttributeTypes
}

input ModelBooleanInput {
  ne: Boolean
  eq: Boolean
  attributeExists: Boolean
  attributeType: ModelAttributeTypes
}

input ModelSizeInput {
  ne: Int
  eq: Int
  le: Int
  lt: Int
  ge: Int
  gt: Int
  between: [Int]
}

input ModelPRODUCT_TYPEInput {
  eq: PRODUCT_TYPE
  ne: PRODUCT_TYPE
}

input ModelCartItemFilterInput {
  id: ModelIDInput
  productType: ModelPRODUCT_TYPEInput
  and: [ModelCartItemFilterInput]
  or: [ModelCartItemFilterInput]
  not: ModelCartItemFilterInput
}

enum ModelAttributeTypes {
  binary
  binarySet
  bool
  list
  map
  number
  numberSet
  string
  stringSet
  _null
}
"
`;
