// Jest Snapshot v1, https://goo.gl/fbAQLP

exports[`Check RootStack Template Generated rootstack template during init 1`] = `
Object {
  "AWSTemplateFormatVersion": "2010-09-09",
  "Description": "Root Stack for AWS Amplify CLI",
  "Outputs": Object {
    "AuthRoleArn": Object {
      "Value": Object {
        "Fn::GetAtt": Array [
          "AuthRole",
          "Arn",
        ],
      },
    },
    "AuthRoleName": Object {
      "Value": Object {
        "Ref": "AuthRole",
      },
    },
    "DeploymentBucketName": Object {
      "Description": "CloudFormation provider root stack deployment bucket name",
      "Export": Object {
        "Name": Object {
          "Fn::Sub": "\${AWS::StackName}-DeploymentBucketName",
        },
      },
      "Value": Object {
        "Ref": "DeploymentBucketName",
      },
    },
    "Region": Object {
      "Description": "CloudFormation provider root stack Region",
      "Export": Object {
        "Name": Object {
          "Fn::Sub": "\${AWS::StackName}-Region",
        },
      },
      "Value": Object {
        "Ref": "AWS::Region",
      },
    },
    "StackId": Object {
      "Description": "CloudFormation provider root stack name",
      "Export": Object {
        "Name": Object {
          "Fn::Sub": "\${AWS::StackName}-StackId",
        },
      },
      "Value": Object {
        "Ref": "AWS::StackId",
      },
    },
    "StackName": Object {
      "Description": "CloudFormation provider root stack ID",
      "Export": Object {
        "Name": Object {
          "Fn::Sub": "\${AWS::StackName}-StackName",
        },
      },
      "Value": Object {
        "Ref": "AWS::StackName",
      },
    },
    "UnauthRoleArn": Object {
      "Value": Object {
        "Fn::GetAtt": Array [
          "UnauthRole",
          "Arn",
        ],
      },
    },
    "UnauthRoleName": Object {
      "Value": Object {
        "Ref": "UnauthRole",
      },
    },
  },
  "Parameters": Object {
    "AuthRoleName": Object {
      "Default": "AuthRoleName",
      "Description": "Name of the common deployment bucket provided by the parent stack",
      "Type": "String",
    },
    "DeploymentBucketName": Object {
      "Default": "DeploymentBucket",
      "Description": "Name of the common deployment bucket provided by the parent stack",
      "Type": "String",
    },
    "UnauthRoleName": Object {
      "Default": "UnAuthRoleName",
      "Description": "Name of the common deployment bucket provided by the parent stack",
      "Type": "String",
    },
  },
  "Resources": Object {
    "AuthRole": Object {
      "Properties": Object {
        "AssumeRolePolicyDocument": Object {
          "Statement": Array [
            Object {
              "Action": "sts:AssumeRoleWithWebIdentity",
              "Effect": "Deny",
              "Principal": Object {
                "Federated": "cognito-identity.amazonaws.com",
              },
              "Sid": "",
            },
          ],
          "Version": "2012-10-17",
        },
        "RoleName": Object {
          "Ref": "AuthRoleName",
        },
      },
      "Type": "AWS::IAM::Role",
    },
    "DeploymentBucket": Object {
      "DeletionPolicy": "Retain",
      "Properties": Object {
        "BucketName": Object {
          "Ref": "DeploymentBucketName",
        },
      },
      "Type": "AWS::S3::Bucket",
      "UpdateReplacePolicy": "Retain",
    },
    "UnauthRole": Object {
      "Properties": Object {
        "AssumeRolePolicyDocument": Object {
          "Statement": Array [
            Object {
              "Action": "sts:AssumeRoleWithWebIdentity",
              "Effect": "Deny",
              "Principal": Object {
                "Federated": "cognito-identity.amazonaws.com",
              },
              "Sid": "",
            },
          ],
          "Version": "2012-10-17",
        },
        "RoleName": Object {
          "Ref": "UnauthRoleName",
        },
      },
      "Type": "AWS::IAM::Role",
    },
  },
}
`;
