// Jest Snapshot v1, https://goo.gl/fbAQLP

exports[`validate remove storage request returns valid payload 1`] = `
Object {
  "serviceConfiguration": Object {
    "resourceName": "something",
    "serviceName": "S3",
  },
  "version": 1,
}
`;
