// Jest Snapshot v1, https://goo.gl/fbAQLP

exports[`api serverless migration tests ...adds serverless REST api with v10 and pulls without drift in latest version 1`] = `""`;

exports[`api serverless migration tests ...adds serverless REST api with v10 and pulls without drift in latest version 2`] = `
"Outputs
[+] Output LambdaExecutionRoleArn: {\"Value\":{\"Fn::GetAtt\":[\"LambdaExecutionRole\",\"Arn\"]}}

"
`;
