// Jest Snapshot v1, https://goo.gl/fbAQLP

exports[`adding custom resources migration test add/update CDK and CFN custom resources 1`] = `""`;

exports[`adding custom resources migration test add/update CDK and CFN custom resources 2`] = `""`;
