// Jest Snapshot v1, https://goo.gl/fbAQLP

exports[`nodejs add function with layers can add layers configured in the project 1`] = `
Array [
  Object {
    "Fn::Sub": "arn:aws:lambda:\${AWS::Region}:\${AWS::AccountId}:layer:test-layer:1",
  },
  "arn:aws:lambda:us-west-2:123456789012:layer:my-layer:2",
]
`;

exports[`nodejs amplify add function with additional permissions environment vars comment should update on permission update 1`] = `
"/* Amplify Params - DO NOT EDIT
	ENV
	REGION
	STORAGE_NODETESTDDB_ARN
	STORAGE_NODETESTDDB_NAME
Amplify Params - DO NOT EDIT */

exports.handler = async (event) => {
    // TODO implement
    const response = {
        statusCode: 200,
        body: JSON.stringify('Hello from Lambda!'),
    };
    return response;
};
"
`;
