// Jest Snapshot v1, https://goo.gl/fbAQLP

exports[`api migration update test updates AppSync API in headless mode 1`] = `
Object {
  "ElasticsearchWarning": true,
  "ResolverConfig": Object {
    "project": Object {
      "ConflictDetection": "VERSION",
      "ConflictHandler": "OPTIMISTIC_CONCURRENCY",
    },
  },
  "Version": 5,
}
`;

exports[`api migration update test updates AppSync API in headless mode 2`] = `
Object {
  "additionalAuthenticationProviders": Array [
    Object {
      "apiKeyConfig": Object {},
      "authenticationType": "API_KEY",
    },
  ],
  "defaultAuthentication": Object {
    "authenticationType": "AWS_IAM",
  },
}
`;

exports[`api migration update test updates AppSync API in headless mode 3`] = `
"type Todo @model {
  id: ID!
  content: String
  override: String
}
"
`;
